HUOM NÄIDEN LINUX PÄÄTEESSÄ VÄHÄ MYSTEERISIÄ NIMEI, JA NE ON SUORITETTU Repl.it virtuaali ympäristössä

kloonaus tapahtuu

git clone https://github.com/YOUR-USERNAME/YOUR-REPOSITORY

siinä menee pieni hetki;
$ git clone https://github.com/YOUR-USERNAME/YOUR-REPOSITORY
> Cloning into `Spoon-Knife`...
> remote: Counting objects: 10, done.
> remote: Compressing objects: 100% (8/8), done.
> remove: Total 10 (delta 1), reused 10 (delta 1)
> Unpacking objects: 100% (10/10), done.

kloonauksen jälkeen kantsii mennä cd .. (kloonatun tiedostoon), koska jos tietyssä muualla polussa ehkä tuottaa jotakin ongelmia

sitten tee tarvittavat muutokset ja yms (poistamiset, siirrot, uusien tiedostojen lisääminen ja muita päivityksiä)

tarvittaessa tarkistaa tehdyt tai suoritettut tapahtuneen muutokset
$git status

seuraavaksi kuinka pusketaan takaisin tehdyt muutokset? ehkä saattaa vaatia aikaa, että se tajuu ja viee niitä tehtyi muutoksia takaisin github projektiin

suoritetaan, että lisätään kaikki (siis kaikki tehdyt päivitykset)
$git add --all

TAI
huomaa tuossa add on jälkeen väli ja sitten piste
$git add .

TAI
niin mahdollista herjaa, että syötä authentikointi ja nimi
$ git commit -a
Author identity unknown

*** Please tell me who you are.

Run

  git config --global user.email "you@example.com"
  git config --global user.name "Your Name"

to set your account's default identity.
Omit --global to set the identity only in this repository.

fatal: unable to auto-detect email address (got 'runner@384308c8dd6c.(none)')


muita chekkausta
$ git branch 
tämä tarkistaa onko kyse "master" vai "main"

vahvistettaan (authentication and authorization)

~/GravePrevailingFiles/kalilinux-harjoitus$ git config --global user.email "zhao-96@hotmail.com"
~/GravePrevailingFiles/kalilinux-harjoitus$ git config --global user.name "zircomars"

tehdyt muutokset, oikeastaan "vapaateksti" & vähä kuin  checkkaa tehdyt muutokset (yhteenveto) ennen kuin suorittaa push
~/GravePrevailingFiles/kalilinux-harjoitus$ git commit -m "add new file and some fixes"
[master d379590] add new file and some fixes
 3 files changed, 11 insertions(+)
 create mode 100644 nmap/nikto/harjoitus/harjoitus1.txt
 create mode 100644 nmap/nikto/readme.md

TOINEN esim. näkymä
~/BoringRichProcedure$ git commit -m "add new file and some fixes"
[master (root-commit) e7c9988] add new file and some fixes
 5 files changed, 54 insertions(+)
 create mode 100644 .replit
 create mode 160000 kalilinux-harjoitus
 create mode 100644 main.sh
 create mode 100644 ohje.txt
 create mode 100644 replit.nix
~/BoringRichProcedure$ git push origin main
error: src refspec main does not match any
error: failed to push some refs to 'origin'
~/BoringRichProcedure$ git

###########
~/GravePrevailingFiles/kalilinux-harjoitus$ git push origin master
Enumerating objects: 13, done.
Counting objects: 100% (13/13), done.
Delta compression using up to 8 threads
Compressing objects: 100% (5/5), done.
Writing objects: 100% (9/9), 761 bytes | 380.00 KiB/s, done.
Total 9 (delta 0), reused 0 (delta 0), pack-reused 0
To https://github.com/zircomars/kalilinux-harjoitus.git
   427c90e..d379590  master -> master

tässä jotakin mättää??

####### tämä ei toimi, koska github se ei ole main VAAN master
$git push --set-upstream origin main


~/AnxiousDevotedModule$ git push --set-upstream origin main
Enumerating objects: 6, done.
Counting objects: 100% (6/6), done.
Delta compression using up to 8 threads
Compressing objects: 100% (6/6), done.
Writing objects: 100% (6/6), 1.46 KiB | 373.00 KiB/s, done.
Total 6 (delta 0), reused 0 (delta 0), pack-reused 0
To https://github.com/zircomars/AnxiousDevotedModule
 * [new branch]      main -> main
Branch 'main' set up to track remote branch 'main' from 'origin'.


#####################################################################

peilaus, että pidettään alkuperäinen ja suoritettaan duplicate kloonaus & kopsaus mistä minne
eli jos X on alkuperäinen , kopsataan se (duplikoida) Y tiedostoon, ja esim. Y:ssä tai X:ssä tapahtuu se editointi

en tiedä mikä on ero "mirror" ja "bare" & mirror tuli pieni ongelma, en tiedä mikä?

~/DelectableBulkyConcentrate$ git clone --mirror https://github.com/zircomars/kalilinux-harjoitus.git
Cloning into bare repository 'kalilinux-harjoitus.git'...
remote: Enumerating objects: 24, done.
remote: Counting objects: 100% (24/24), done.
remote: Compressing objects: 100% (14/14), done.
remote: Total 24 (delta 0), reused 13 (delta 0), pack-reused 0
Receiving objects: 100% (24/24), done.


~/DelectableBulkyConcentrate$ git clone --bare https://github.com/zircomars/kalilinux-harjoitus.git
Cloning into bare repository 'kalilinux-harjoitus.git'...
remote: Enumerating objects: 24, done.
remote: Counting objects: 100% (24/24), done.
remote: Compressing objects: 100% (14/14), done.
remote: Total 24 (delta 0), reused 13 (delta 0), pack-reused 0
Receiving objects: 100% (24/24), done.
~/DelectableBulkyConcentrate$ 

mene github luo joku tyhjä repository (ihan mikä nimi ja vaikappa private versio)
ja kopsaa se https linkki


ja perus puskaus (oliks se noin helppoa?)
~/DelectableBulkyConcentrate/kalilinux-harjoitus.git$ git push --mirror https://github.com/zircomars/dupli-kali-linux-treeni.git
Enumerating objects: 24, done.
Counting objects: 100% (24/24), done.
Delta compression using up to 8 threads
Compressing objects: 100% (14/14), done.
Writing objects: 100% (24/24), 3.12 KiB | 3.12 MiB/s, done.
Total 24 (delta 0), reused 24 (delta 0), pack-reused 0
To https://github.com/zircomars/dupli-kali-linux-treeni.git
 * [new branch]      master -> master
